// Jest Snapshot v1, https://goo.gl/fbAQLP

exports[`initial state 1`] = `
Object {
  "currentPlayer": "player1",
  "map": Array [
    Object {
      "node": Object {
        "id": "gen_id",
        "next": Object {
          Symbol(refId): "gen_id",
        },
        "prev": Object {
          Symbol(refId): "gen_id",
        },
        "property": null,
      },
      "property": null,
    },
    Object {
      "node": Object {
        "id": "gen_id",
        "next": Object {
          Symbol(refId): "gen_id",
        },
        "prev": Object {
          Symbol(refId): "gen_id",
        },
        "property": Object {
          Symbol(refId): "gen_id",
        },
      },
      "property": Object {
        "id": "gen_id",
        "name": "Medierranean Avenue",
        "owner": null,
        "price": 60,
        "rent": 100,
      },
    },
    Object {
      "node": Object {
        "id": "gen_id",
        "next": Object {
          Symbol(refId): "gen_id",
        },
        "prev": Object {
          Symbol(refId): "gen_id",
        },
        "property": Object {
          Symbol(refId): "gen_id",
        },
      },
      "property": Object {
        "id": "gen_id",
        "name": "Baltic Avenue",
        "owner": null,
        "price": 60,
        "rent": 100,
      },
    },
    Object {
      "node": Object {
        "id": "gen_id",
        "next": Object {
          Symbol(refId): "gen_id",
        },
        "prev": Object {
          Symbol(refId): "gen_id",
        },
        "property": Object {
          Symbol(refId): "gen_id",
        },
      },
      "property": Object {
        "id": "gen_id",
        "name": "Oriental Avenue",
        "owner": null,
        "price": 100,
        "rent": 100,
      },
    },
    Object {
      "node": Object {
        "id": "gen_id",
        "next": Object {
          Symbol(refId): "gen_id",
        },
        "prev": Object {
          Symbol(refId): "gen_id",
        },
        "property": Object {
          Symbol(refId): "gen_id",
        },
      },
      "property": Object {
        "id": "gen_id",
        "name": "Vermont Avenue",
        "owner": null,
        "price": 100,
        "rent": 100,
      },
    },
    Object {
      "node": Object {
        "id": "gen_id",
        "next": Object {
          Symbol(refId): "gen_id",
        },
        "prev": Object {
          Symbol(refId): "gen_id",
        },
        "property": Object {
          Symbol(refId): "gen_id",
        },
      },
      "property": Object {
        "id": "gen_id",
        "name": "Connecticut Avenue",
        "owner": null,
        "price": 120,
        "rent": 100,
      },
    },
    Object {
      "node": Object {
        "id": "gen_id",
        "next": Object {
          Symbol(refId): "gen_id",
        },
        "prev": Object {
          Symbol(refId): "gen_id",
        },
        "property": Object {
          Symbol(refId): "gen_id",
        },
      },
      "property": Object {
        "id": "gen_id",
        "name": "St. Charles Place",
        "owner": null,
        "price": 140,
        "rent": 100,
      },
    },
    Object {
      "node": Object {
        "id": "gen_id",
        "next": Object {
          Symbol(refId): "gen_id",
        },
        "prev": Object {
          Symbol(refId): "gen_id",
        },
        "property": Object {
          Symbol(refId): "gen_id",
        },
      },
      "property": Object {
        "id": "gen_id",
        "name": "States Avenue",
        "owner": null,
        "price": 140,
        "rent": 100,
      },
    },
    Object {
      "node": Object {
        "id": "gen_id",
        "next": Object {
          Symbol(refId): "gen_id",
        },
        "prev": Object {
          Symbol(refId): "gen_id",
        },
        "property": Object {
          Symbol(refId): "gen_id",
        },
      },
      "property": Object {
        "id": "gen_id",
        "name": "Virginia Avenue",
        "owner": null,
        "price": 160,
        "rent": 100,
      },
    },
    Object {
      "node": Object {
        "id": "gen_id",
        "next": Object {
          Symbol(refId): "gen_id",
        },
        "prev": Object {
          Symbol(refId): "gen_id",
        },
        "property": Object {
          Symbol(refId): "gen_id",
        },
      },
      "property": Object {
        "id": "gen_id",
        "name": "St.James Place",
        "owner": null,
        "price": 180,
        "rent": 100,
      },
    },
    Object {
      "node": Object {
        "id": "gen_id",
        "next": Object {
          Symbol(refId): "gen_id",
        },
        "prev": Object {
          Symbol(refId): "gen_id",
        },
        "property": Object {
          Symbol(refId): "gen_id",
        },
      },
      "property": Object {
        "id": "gen_id",
        "name": "Tennessee Avenue",
        "owner": null,
        "price": 180,
        "rent": 100,
      },
    },
    Object {
      "node": Object {
        "id": "gen_id",
        "next": Object {
          Symbol(refId): "gen_id",
        },
        "prev": Object {
          Symbol(refId): "gen_id",
        },
        "property": Object {
          Symbol(refId): "gen_id",
        },
      },
      "property": Object {
        "id": "gen_id",
        "name": "New York Avenue",
        "owner": null,
        "price": 200,
        "rent": 100,
      },
    },
    Object {
      "node": Object {
        "id": "gen_id",
        "next": Object {
          Symbol(refId): "gen_id",
        },
        "prev": Object {
          Symbol(refId): "gen_id",
        },
        "property": Object {
          Symbol(refId): "gen_id",
        },
      },
      "property": Object {
        "id": "gen_id",
        "name": "Kentucky Avenue",
        "owner": null,
        "price": 220,
        "rent": 100,
      },
    },
    Object {
      "node": Object {
        "id": "gen_id",
        "next": Object {
          Symbol(refId): "gen_id",
        },
        "prev": Object {
          Symbol(refId): "gen_id",
        },
        "property": Object {
          Symbol(refId): "gen_id",
        },
      },
      "property": Object {
        "id": "gen_id",
        "name": "Indiana Avenue",
        "owner": null,
        "price": 220,
        "rent": 100,
      },
    },
    Object {
      "node": Object {
        "id": "gen_id",
        "next": Object {
          Symbol(refId): "gen_id",
        },
        "prev": Object {
          Symbol(refId): "gen_id",
        },
        "property": Object {
          Symbol(refId): "gen_id",
        },
      },
      "property": Object {
        "id": "gen_id",
        "name": "Illinois Avenue",
        "owner": null,
        "price": 240,
        "rent": 100,
      },
    },
    Object {
      "node": Object {
        "id": "gen_id",
        "next": Object {
          Symbol(refId): "gen_id",
        },
        "prev": Object {
          Symbol(refId): "gen_id",
        },
        "property": Object {
          Symbol(refId): "gen_id",
        },
      },
      "property": Object {
        "id": "gen_id",
        "name": "Atlantic Avenue",
        "owner": null,
        "price": 260,
        "rent": 100,
      },
    },
    Object {
      "node": Object {
        "id": "gen_id",
        "next": Object {
          Symbol(refId): "gen_id",
        },
        "prev": Object {
          Symbol(refId): "gen_id",
        },
        "property": Object {
          Symbol(refId): "gen_id",
        },
      },
      "property": Object {
        "id": "gen_id",
        "name": "Ventnor Avenue",
        "owner": null,
        "price": 260,
        "rent": 100,
      },
    },
    Object {
      "node": Object {
        "id": "gen_id",
        "next": Object {
          Symbol(refId): "gen_id",
        },
        "prev": Object {
          Symbol(refId): "gen_id",
        },
        "property": Object {
          Symbol(refId): "gen_id",
        },
      },
      "property": Object {
        "id": "gen_id",
        "name": "Marvin Gardens",
        "owner": null,
        "price": 280,
        "rent": 100,
      },
    },
    Object {
      "node": Object {
        "id": "gen_id",
        "next": Object {
          Symbol(refId): "gen_id",
        },
        "prev": Object {
          Symbol(refId): "gen_id",
        },
        "property": Object {
          Symbol(refId): "gen_id",
        },
      },
      "property": Object {
        "id": "gen_id",
        "name": "Parcific Avenue",
        "owner": null,
        "price": 300,
        "rent": 100,
      },
    },
    Object {
      "node": Object {
        "id": "gen_id",
        "next": Object {
          Symbol(refId): "gen_id",
        },
        "prev": Object {
          Symbol(refId): "gen_id",
        },
        "property": Object {
          Symbol(refId): "gen_id",
        },
      },
      "property": Object {
        "id": "gen_id",
        "name": "North Carolina Avenue",
        "owner": null,
        "price": 300,
        "rent": 100,
      },
    },
  ],
  "players": Array [
    Object {
      "cash": 1000,
      "id": "player1",
      "owning": Array [],
      "position": Object {
        Symbol(refId): "gen_id",
      },
      "rolled": false,
    },
    Object {
      "cash": 1000,
      "id": "player2",
      "owning": Array [],
      "position": Object {
        Symbol(refId): "gen_id",
      },
      "rolled": false,
    },
  ],
}
`;

exports[`initial state 2`] = `"{\\"currentPlayer\\":\\"player1\\",\\"players\\":[{\\"id\\":\\"player1\\",\\"position\\":{},\\"owning\\":[],\\"cash\\":1000,\\"rolled\\":false},{\\"id\\":\\"player2\\",\\"position\\":{},\\"owning\\":[],\\"cash\\":1000,\\"rolled\\":false}],\\"map\\":[{\\"node\\":{\\"id\\":\\"gen_id\\",\\"prev\\":{},\\"next\\":{},\\"property\\":null},\\"property\\":null},{\\"node\\":{\\"id\\":\\"gen_id\\",\\"prev\\":{},\\"next\\":{},\\"property\\":{}},\\"property\\":{\\"id\\":\\"gen_id\\",\\"name\\":\\"Medierranean Avenue\\",\\"price\\":60,\\"rent\\":100,\\"owner\\":null}},{\\"node\\":{\\"id\\":\\"gen_id\\",\\"prev\\":{},\\"next\\":{},\\"property\\":{}},\\"property\\":{\\"id\\":\\"gen_id\\",\\"name\\":\\"Baltic Avenue\\",\\"price\\":60,\\"rent\\":100,\\"owner\\":null}},{\\"node\\":{\\"id\\":\\"gen_id\\",\\"prev\\":{},\\"next\\":{},\\"property\\":{}},\\"property\\":{\\"id\\":\\"gen_id\\",\\"name\\":\\"Oriental Avenue\\",\\"price\\":100,\\"rent\\":100,\\"owner\\":null}},{\\"node\\":{\\"id\\":\\"gen_id\\",\\"prev\\":{},\\"next\\":{},\\"property\\":{}},\\"property\\":{\\"id\\":\\"gen_id\\",\\"name\\":\\"Vermont Avenue\\",\\"price\\":100,\\"rent\\":100,\\"owner\\":null}},{\\"node\\":{\\"id\\":\\"gen_id\\",\\"prev\\":{},\\"next\\":{},\\"property\\":{}},\\"property\\":{\\"id\\":\\"gen_id\\",\\"name\\":\\"Connecticut Avenue\\",\\"price\\":120,\\"rent\\":100,\\"owner\\":null}},{\\"node\\":{\\"id\\":\\"gen_id\\",\\"prev\\":{},\\"next\\":{},\\"property\\":{}},\\"property\\":{\\"id\\":\\"gen_id\\",\\"name\\":\\"St. Charles Place\\",\\"price\\":140,\\"rent\\":100,\\"owner\\":null}},{\\"node\\":{\\"id\\":\\"gen_id\\",\\"prev\\":{},\\"next\\":{},\\"property\\":{}},\\"property\\":{\\"id\\":\\"gen_id\\",\\"name\\":\\"States Avenue\\",\\"price\\":140,\\"rent\\":100,\\"owner\\":null}},{\\"node\\":{\\"id\\":\\"gen_id\\",\\"prev\\":{},\\"next\\":{},\\"property\\":{}},\\"property\\":{\\"id\\":\\"gen_id\\",\\"name\\":\\"Virginia Avenue\\",\\"price\\":160,\\"rent\\":100,\\"owner\\":null}},{\\"node\\":{\\"id\\":\\"gen_id\\",\\"prev\\":{},\\"next\\":{},\\"property\\":{}},\\"property\\":{\\"id\\":\\"gen_id\\",\\"name\\":\\"St.James Place\\",\\"price\\":180,\\"rent\\":100,\\"owner\\":null}},{\\"node\\":{\\"id\\":\\"gen_id\\",\\"prev\\":{},\\"next\\":{},\\"property\\":{}},\\"property\\":{\\"id\\":\\"gen_id\\",\\"name\\":\\"Tennessee Avenue\\",\\"price\\":180,\\"rent\\":100,\\"owner\\":null}},{\\"node\\":{\\"id\\":\\"gen_id\\",\\"prev\\":{},\\"next\\":{},\\"property\\":{}},\\"property\\":{\\"id\\":\\"gen_id\\",\\"name\\":\\"New York Avenue\\",\\"price\\":200,\\"rent\\":100,\\"owner\\":null}},{\\"node\\":{\\"id\\":\\"gen_id\\",\\"prev\\":{},\\"next\\":{},\\"property\\":{}},\\"property\\":{\\"id\\":\\"gen_id\\",\\"name\\":\\"Kentucky Avenue\\",\\"price\\":220,\\"rent\\":100,\\"owner\\":null}},{\\"node\\":{\\"id\\":\\"gen_id\\",\\"prev\\":{},\\"next\\":{},\\"property\\":{}},\\"property\\":{\\"id\\":\\"gen_id\\",\\"name\\":\\"Indiana Avenue\\",\\"price\\":220,\\"rent\\":100,\\"owner\\":null}},{\\"node\\":{\\"id\\":\\"gen_id\\",\\"prev\\":{},\\"next\\":{},\\"property\\":{}},\\"property\\":{\\"id\\":\\"gen_id\\",\\"name\\":\\"Illinois Avenue\\",\\"price\\":240,\\"rent\\":100,\\"owner\\":null}},{\\"node\\":{\\"id\\":\\"gen_id\\",\\"prev\\":{},\\"next\\":{},\\"property\\":{}},\\"property\\":{\\"id\\":\\"gen_id\\",\\"name\\":\\"Atlantic Avenue\\",\\"price\\":260,\\"rent\\":100,\\"owner\\":null}},{\\"node\\":{\\"id\\":\\"gen_id\\",\\"prev\\":{},\\"next\\":{},\\"property\\":{}},\\"property\\":{\\"id\\":\\"gen_id\\",\\"name\\":\\"Ventnor Avenue\\",\\"price\\":260,\\"rent\\":100,\\"owner\\":null}},{\\"node\\":{\\"id\\":\\"gen_id\\",\\"prev\\":{},\\"next\\":{},\\"property\\":{}},\\"property\\":{\\"id\\":\\"gen_id\\",\\"name\\":\\"Marvin Gardens\\",\\"price\\":280,\\"rent\\":100,\\"owner\\":null}},{\\"node\\":{\\"id\\":\\"gen_id\\",\\"prev\\":{},\\"next\\":{},\\"property\\":{}},\\"property\\":{\\"id\\":\\"gen_id\\",\\"name\\":\\"Parcific Avenue\\",\\"price\\":300,\\"rent\\":100,\\"owner\\":null}},{\\"node\\":{\\"id\\":\\"gen_id\\",\\"prev\\":{},\\"next\\":{},\\"property\\":{}},\\"property\\":{\\"id\\":\\"gen_id\\",\\"name\\":\\"North Carolina Avenue\\",\\"price\\":300,\\"rent\\":100,\\"owner\\":null}}]}"`;
