// Jest Snapshot v1, https://goo.gl/fbAQLP

exports[`ref serialize 1`] = `
Object {
  "data": Object {
    "ref": "object2",
  },
  "id": "object1",
  "type": "test",
}
`;
